Traceback (most recent call last):
  File "/Users/sujinjung/Desktop/felab/aicp/2026_AICP_ver3.0/scripts/08_run_six_conditions.py", line 844, in <module>
    main()
  File "/Users/sujinjung/Desktop/felab/aicp/2026_AICP_ver3.0/scripts/08_run_six_conditions.py", line 840, in main
    asyncio.run(_run(build_parser().parse_args()))
  File "/opt/homebrew/Cellar/python@3.12/3.12.13_4/Frameworks/Python.framework/Versions/3.12/lib/python3.12/asyncio/runners.py", line 195, in run
    return runner.run(main)
           ^^^^^^^^^^^^^^^^
  File "/opt/homebrew/Cellar/python@3.12/3.12.13_4/Frameworks/Python.framework/Versions/3.12/lib/python3.12/asyncio/runners.py", line 118, in run
    return self._loop.run_until_complete(task)
           ^^^^^^^^^^^^^^^^^^^^^^^^^^^^^^^^^^^
  File "/opt/homebrew/Cellar/python@3.12/3.12.13_4/Frameworks/Python.framework/Versions/3.12/lib/python3.12/asyncio/base_events.py", line 691, in run_until_complete
    return future.result()
           ^^^^^^^^^^^^^^^
  File "/Users/sujinjung/Desktop/felab/aicp/2026_AICP_ver3.0/scripts/08_run_six_conditions.py", line 711, in _run
    artifact = finalize_realnews_community_pair(
               ^^^^^^^^^^^^^^^^^^^^^^^^^^^^^^^^^
  File "/Users/sujinjung/Desktop/felab/aicp/2026_AICP_ver3.0/twinmarket_kr/pair_evaluation.py", line 1040, in finalize_realnews_community_pair
    raise PairEvaluationError(
twinmarket_kr.pair_evaluation.PairEvaluationError: run prompt_bundle_sha256 differs from prompt tree
