
[launch_attempt=1 started_at=2026-08-25T14:12:38.006753]
2026-02-27 turns=1/2 phases=am am_orders=100 am_volume=35232 pm=skipped_or_loaded
log_dir=/Users/sujinjung/Desktop/felab/aicp/2026_AICP_ver3.0/outputs/logs/rn_ab_ver6_45day_20260825/RN_COMM_ON
  community_phase done: 70 agents, 5 best posts
2026-02-27 turns=1/2 phases=pm,community am=skipped pm_orders=100 pm_volume=23163
log_dir=/Users/sujinjung/Desktop/felab/aicp/2026_AICP_ver3.0/outputs/logs/rn_ab_ver6_45day_20260825/RN_COMM_ON
2026-03-03 turns=3/4 phases=am am_orders=100 am_volume=28285 pm=skipped_or_loaded
log_dir=/Users/sujinjung/Desktop/felab/aicp/2026_AICP_ver3.0/outputs/logs/rn_ab_ver6_45day_20260825/RN_COMM_ON
  community_phase done: 70 agents, 5 best posts
2026-03-03 turns=3/4 phases=pm,community am=skipped pm_orders=100 pm_volume=32441
log_dir=/Users/sujinjung/Desktop/felab/aicp/2026_AICP_ver3.0/outputs/logs/rn_ab_ver6_45day_20260825/RN_COMM_ON
2026-03-04 turns=5/6 phases=am am_orders=100 am_volume=42526 pm=skipped_or_loaded
log_dir=/Users/sujinjung/Desktop/felab/aicp/2026_AICP_ver3.0/outputs/logs/rn_ab_ver6_45day_20260825/RN_COMM_ON
  community_phase done: 70 agents, 5 best posts
2026-03-04 turns=5/6 phases=pm,community am=skipped pm_orders=100 pm_volume=38509
log_dir=/Users/sujinjung/Desktop/felab/aicp/2026_AICP_ver3.0/outputs/logs/rn_ab_ver6_45day_20260825/RN_COMM_ON
2026-03-05 turns=7/8 phases=am am_orders=100 am_volume=48824 pm=skipped_or_loaded
log_dir=/Users/sujinjung/Desktop/felab/aicp/2026_AICP_ver3.0/outputs/logs/rn_ab_ver6_45day_20260825/RN_COMM_ON
  community_phase done: 70 agents, 5 best posts
2026-03-05 turns=7/8 phases=pm,community am=skipped pm_orders=100 pm_volume=57230
log_dir=/Users/sujinjung/Desktop/felab/aicp/2026_AICP_ver3.0/outputs/logs/rn_ab_ver6_45day_20260825/RN_COMM_ON
2026-03-06 turns=9/10 phases=am am_orders=100 am_volume=36929 pm=skipped_or_loaded
log_dir=/Users/sujinjung/Desktop/felab/aicp/2026_AICP_ver3.0/outputs/logs/rn_ab_ver6_45day_20260825/RN_COMM_ON
  community_phase done: 70 agents, 5 best posts
2026-03-06 turns=9/10 phases=pm,community am=skipped pm_orders=100 pm_volume=26259
log_dir=/Users/sujinjung/Desktop/felab/aicp/2026_AICP_ver3.0/outputs/logs/rn_ab_ver6_45day_20260825/RN_COMM_ON
2026-03-09 turns=11/12 phases=am am_orders=100 am_volume=27262 pm=skipped_or_loaded
log_dir=/Users/sujinjung/Desktop/felab/aicp/2026_AICP_ver3.0/outputs/logs/rn_ab_ver6_45day_20260825/RN_COMM_ON
  community_phase done: 70 agents, 5 best posts
2026-03-09 turns=11/12 phases=pm,community am=skipped pm_orders=100 pm_volume=32257
log_dir=/Users/sujinjung/Desktop/felab/aicp/2026_AICP_ver3.0/outputs/logs/rn_ab_ver6_45day_20260825/RN_COMM_ON
2026-03-10 turns=13/14 phases=am am_orders=100 am_volume=49862 pm=skipped_or_loaded
log_dir=/Users/sujinjung/Desktop/felab/aicp/2026_AICP_ver3.0/outputs/logs/rn_ab_ver6_45day_20260825/RN_COMM_ON
  community_phase done: 70 agents, 5 best posts
2026-03-10 turns=13/14 phases=pm,community am=skipped pm_orders=100 pm_volume=60977
log_dir=/Users/sujinjung/Desktop/felab/aicp/2026_AICP_ver3.0/outputs/logs/rn_ab_ver6_45day_20260825/RN_COMM_ON
2026-03-11 turns=15/16 phases=am am_orders=100 am_volume=33740 pm=skipped_or_loaded
log_dir=/Users/sujinjung/Desktop/felab/aicp/2026_AICP_ver3.0/outputs/logs/rn_ab_ver6_45day_20260825/RN_COMM_ON
  community_phase done: 70 agents, 5 best posts
2026-03-11 turns=15/16 phases=pm,community am=skipped pm_orders=100 pm_volume=31841
log_dir=/Users/sujinjung/Desktop/felab/aicp/2026_AICP_ver3.0/outputs/logs/rn_ab_ver6_45day_20260825/RN_COMM_ON
2026-03-12 turns=17/18 phases=am am_orders=100 am_volume=34017 pm=skipped_or_loaded
log_dir=/Users/sujinjung/Desktop/felab/aicp/2026_AICP_ver3.0/outputs/logs/rn_ab_ver6_45day_20260825/RN_COMM_ON
  community_phase done: 70 agents, 5 best posts
2026-03-12 turns=17/18 phases=pm,community am=skipped pm_orders=100 pm_volume=35871
log_dir=/Users/sujinjung/Desktop/felab/aicp/2026_AICP_ver3.0/outputs/logs/rn_ab_ver6_45day_20260825/RN_COMM_ON
2026-03-13 turns=19/20 phases=am am_orders=100 am_volume=34280 pm=skipped_or_loaded
log_dir=/Users/sujinjung/Desktop/felab/aicp/2026_AICP_ver3.0/outputs/logs/rn_ab_ver6_45day_20260825/RN_COMM_ON
  community_phase done: 70 agents, 5 best posts
2026-03-13 turns=19/20 phases=pm,community am=skipped pm_orders=100 pm_volume=55532
log_dir=/Users/sujinjung/Desktop/felab/aicp/2026_AICP_ver3.0/outputs/logs/rn_ab_ver6_45day_20260825/RN_COMM_ON
2026-03-16 turns=21/22 phases=am am_orders=100 am_volume=26621 pm=skipped_or_loaded
log_dir=/Users/sujinjung/Desktop/felab/aicp/2026_AICP_ver3.0/outputs/logs/rn_ab_ver6_45day_20260825/RN_COMM_ON
  community_phase done: 70 agents, 5 best posts
2026-03-16 turns=21/22 phases=pm,community am=skipped pm_orders=100 pm_volume=39499
log_dir=/Users/sujinjung/Desktop/felab/aicp/2026_AICP_ver3.0/outputs/logs/rn_ab_ver6_45day_20260825/RN_COMM_ON
2026-03-17 turns=23/24 phases=am am_orders=100 am_volume=48343 pm=skipped_or_loaded
log_dir=/Users/sujinjung/Desktop/felab/aicp/2026_AICP_ver3.0/outputs/logs/rn_ab_ver6_45day_20260825/RN_COMM_ON
  community_phase done: 70 agents, 5 best posts
2026-03-17 turns=23/24 phases=pm,community am=skipped pm_orders=100 pm_volume=37875
log_dir=/Users/sujinjung/Desktop/felab/aicp/2026_AICP_ver3.0/outputs/logs/rn_ab_ver6_45day_20260825/RN_COMM_ON
2026-03-18 turns=25/26 phases=am am_orders=100 am_volume=30503 pm=skipped_or_loaded
log_dir=/Users/sujinjung/Desktop/felab/aicp/2026_AICP_ver3.0/outputs/logs/rn_ab_ver6_45day_20260825/RN_COMM_ON

[launch_attempt=1 started_at=2026-08-25T20:44:21.588807]
  community_phase done: 70 agents, 5 best posts
2026-03-18 turns=25/26 phases=pm,community am=skipped pm_orders=100 pm_volume=29334
log_dir=/Users/sujinjung/Desktop/felab/aicp/2026_AICP_ver3.0/outputs/logs/rn_ab_ver6_45day_20260825/RN_COMM_ON
2026-03-19 turns=27/28 phases=am am_orders=100 am_volume=39492 pm=skipped_or_loaded
log_dir=/Users/sujinjung/Desktop/felab/aicp/2026_AICP_ver3.0/outputs/logs/rn_ab_ver6_45day_20260825/RN_COMM_ON
  community_phase done: 70 agents, 5 best posts
2026-03-19 turns=27/28 phases=pm,community am=skipped pm_orders=100 pm_volume=29863
log_dir=/Users/sujinjung/Desktop/felab/aicp/2026_AICP_ver3.0/outputs/logs/rn_ab_ver6_45day_20260825/RN_COMM_ON
2026-03-20 turns=29/30 phases=am am_orders=100 am_volume=23780 pm=skipped_or_loaded
log_dir=/Users/sujinjung/Desktop/felab/aicp/2026_AICP_ver3.0/outputs/logs/rn_ab_ver6_45day_20260825/RN_COMM_ON
  community_phase done: 70 agents, 5 best posts
2026-03-20 turns=29/30 phases=pm,community am=skipped pm_orders=100 pm_volume=23266
log_dir=/Users/sujinjung/Desktop/felab/aicp/2026_AICP_ver3.0/outputs/logs/rn_ab_ver6_45day_20260825/RN_COMM_ON
Traceback (most recent call last):
  File "/Users/sujinjung/Desktop/felab/aicp/2026_AICP_ver3.0/twinmarket_kr/simulation.py", line 495, in guarded_turn
    return await run_agent_turn(
           ^^^^^^^^^^^^^^^^^^^^^
  File "/Users/sujinjung/Desktop/felab/aicp/2026_AICP_ver3.0/twinmarket_kr/core/daily_cycle.py", line 271, in run_agent_turn
    community_reflection = await community_thinking(
                           ^^^^^^^^^^^^^^^^^^^^^^^^^
  File "/Users/sujinjung/Desktop/felab/aicp/2026_AICP_ver3.0/twinmarket_kr/community/thinking.py", line 226, in community_thinking
    raise CommunityValidationError(
twinmarket_kr.community.validation.CommunityValidationError: community thinking did not satisfy the structured claim contract after 10 attempts

The above exception was the direct cause of the following exception:

Traceback (most recent call last):
  File "/Users/sujinjung/Desktop/felab/aicp/2026_AICP_ver3.0/scripts/05_run_simulation.py", line 1057, in <module>
    main()
  File "/Users/sujinjung/Desktop/felab/aicp/2026_AICP_ver3.0/scripts/05_run_simulation.py", line 1052, in main
    run_dir = asyncio.run(_run(args))
              ^^^^^^^^^^^^^^^^^^^^^^^
  File "/opt/homebrew/Cellar/python@3.12/3.12.13_4/Frameworks/Python.framework/Versions/3.12/lib/python3.12/asyncio/runners.py", line 195, in run
    return runner.run(main)
           ^^^^^^^^^^^^^^^^
  File "/opt/homebrew/Cellar/python@3.12/3.12.13_4/Frameworks/Python.framework/Versions/3.12/lib/python3.12/asyncio/runners.py", line 118, in run
    return self._loop.run_until_complete(task)
           ^^^^^^^^^^^^^^^^^^^^^^^^^^^^^^^^^^^
  File "/opt/homebrew/Cellar/python@3.12/3.12.13_4/Frameworks/Python.framework/Versions/3.12/lib/python3.12/asyncio/base_events.py", line 691, in run_until_complete
    return future.result()
           ^^^^^^^^^^^^^^^
  File "/Users/sujinjung/Desktop/felab/aicp/2026_AICP_ver3.0/scripts/05_run_simulation.py", line 955, in _run
    raise terminal_error
  File "/Users/sujinjung/Desktop/felab/aicp/2026_AICP_ver3.0/scripts/05_run_simulation.py", line 846, in _run
    last_phase_result = await run_simulation(
                        ^^^^^^^^^^^^^^^^^^^^^
  File "/Users/sujinjung/Desktop/felab/aicp/2026_AICP_ver3.0/twinmarket_kr/simulation.py", line 134, in wrapped
    return await function(*args, **kwargs)
           ^^^^^^^^^^^^^^^^^^^^^^^^^^^^^^^
  File "/Users/sujinjung/Desktop/felab/aicp/2026_AICP_ver3.0/twinmarket_kr/simulation.py", line 557, in run_simulation
    am_results = await _run_subturn(
                 ^^^^^^^^^^^^^^^^^^^
  File "/Users/sujinjung/Desktop/felab/aicp/2026_AICP_ver3.0/twinmarket_kr/simulation.py", line 939, in _run_subturn
    raise ParallelTaskError(
twinmarket_kr.experiment_runtime.ParallelTaskError: 1 agent turn(s) failed after all parallel tasks settled: CommunityValidationError: community thinking did not satisfy the structured claim contract after 10 attempts
[launch_attempt=1 return_code=1 finished_at=2026-08-25T21:26:31.857075]
