  community_phase done: 70 agents, 5 best posts
2026-03-09 turns=11/12 phases=pm,community am=skipped pm_orders=100 pm_volume=20461
log_dir=/Users/sujinjung/Desktop/felab/aicp/2026_AICP_ver3.0/outputs/logs/experiment_matrix_45day_20260731/RN_COMM_ON
Traceback (most recent call last):
  File "/Users/sujinjung/Desktop/felab/aicp/2026_AICP_ver3.0/twinmarket_kr/simulation.py", line 495, in guarded_turn
    return await run_agent_turn(
           ^^^^^^^^^^^^^^^^^^^^^
  File "/Users/sujinjung/Desktop/felab/aicp/2026_AICP_ver3.0/twinmarket_kr/core/daily_cycle.py", line 271, in run_agent_turn
    community_reflection = await community_thinking(
                           ^^^^^^^^^^^^^^^^^^^^^^^^^
  File "/Users/sujinjung/Desktop/felab/aicp/2026_AICP_ver3.0/twinmarket_kr/community/thinking.py", line 218, in community_thinking
    raise CommunityValidationError(
twinmarket_kr.community.validation.CommunityValidationError: community thinking did not satisfy the structured claim contract after 10 attempts

The above exception was the direct cause of the following exception:

Traceback (most recent call last):
  File "/Users/sujinjung/Desktop/felab/aicp/2026_AICP_ver3.0/scripts/05_run_simulation.py", line 1057, in <module>
    main()
  File "/Users/sujinjung/Desktop/felab/aicp/2026_AICP_ver3.0/scripts/05_run_simulation.py", line 1052, in main
    run_dir = asyncio.run(_run(args))
              ^^^^^^^^^^^^^^^^^^^^^^^
  File "/opt/homebrew/Cellar/python@3.12/3.12.13_4/Frameworks/Python.framework/Versions/3.12/lib/python3.12/asyncio/runners.py", line 195, in run
    return runner.run(main)
           ^^^^^^^^^^^^^^^^
  File "/opt/homebrew/Cellar/python@3.12/3.12.13_4/Frameworks/Python.framework/Versions/3.12/lib/python3.12/asyncio/runners.py", line 118, in run
    return self._loop.run_until_complete(task)
           ^^^^^^^^^^^^^^^^^^^^^^^^^^^^^^^^^^^
  File "/opt/homebrew/Cellar/python@3.12/3.12.13_4/Frameworks/Python.framework/Versions/3.12/lib/python3.12/asyncio/base_events.py", line 691, in run_until_complete
    return future.result()
           ^^^^^^^^^^^^^^^
  File "/Users/sujinjung/Desktop/felab/aicp/2026_AICP_ver3.0/scripts/05_run_simulation.py", line 955, in _run
    raise terminal_error
  File "/Users/sujinjung/Desktop/felab/aicp/2026_AICP_ver3.0/scripts/05_run_simulation.py", line 846, in _run
    last_phase_result = await run_simulation(
                        ^^^^^^^^^^^^^^^^^^^^^
  File "/Users/sujinjung/Desktop/felab/aicp/2026_AICP_ver3.0/twinmarket_kr/simulation.py", line 134, in wrapped
    return await function(*args, **kwargs)
           ^^^^^^^^^^^^^^^^^^^^^^^^^^^^^^^
  File "/Users/sujinjung/Desktop/felab/aicp/2026_AICP_ver3.0/twinmarket_kr/simulation.py", line 557, in run_simulation
    am_results = await _run_subturn(
                 ^^^^^^^^^^^^^^^^^^^
  File "/Users/sujinjung/Desktop/felab/aicp/2026_AICP_ver3.0/twinmarket_kr/simulation.py", line 939, in _run_subturn
    raise ParallelTaskError(
twinmarket_kr.experiment_runtime.ParallelTaskError: 1 agent turn(s) failed after all parallel tasks settled: CommunityValidationError: community thinking did not satisfy the structured claim contract after 10 attempts
