
[launch_attempt=1 started_at=2026-08-02T02:41:50.390354]
2026-02-27 turns=1/2 phases=am am_orders=100 am_volume=23392 pm=skipped_or_loaded
log_dir=/Users/sujinjung/Desktop/felab/aicp/2026_AICP_ver3.0/outputs/logs/experiment_matrix_45day_v10/RN_COMM_OFF
2026-02-27 turns=1/2 phases=pm,community am=skipped pm_orders=100 pm_volume=14795
log_dir=/Users/sujinjung/Desktop/felab/aicp/2026_AICP_ver3.0/outputs/logs/experiment_matrix_45day_v10/RN_COMM_OFF
2026-03-03 turns=3/4 phases=am am_orders=100 am_volume=16286 pm=skipped_or_loaded
log_dir=/Users/sujinjung/Desktop/felab/aicp/2026_AICP_ver3.0/outputs/logs/experiment_matrix_45day_v10/RN_COMM_OFF
2026-03-03 turns=3/4 phases=pm,community am=skipped pm_orders=100 pm_volume=21798
log_dir=/Users/sujinjung/Desktop/felab/aicp/2026_AICP_ver3.0/outputs/logs/experiment_matrix_45day_v10/RN_COMM_OFF
2026-03-04 turns=5/6 phases=am am_orders=100 am_volume=15742 pm=skipped_or_loaded
log_dir=/Users/sujinjung/Desktop/felab/aicp/2026_AICP_ver3.0/outputs/logs/experiment_matrix_45day_v10/RN_COMM_OFF
2026-03-04 turns=5/6 phases=pm,community am=skipped pm_orders=100 pm_volume=19405
log_dir=/Users/sujinjung/Desktop/felab/aicp/2026_AICP_ver3.0/outputs/logs/experiment_matrix_45day_v10/RN_COMM_OFF
2026-03-05 turns=7/8 phases=am am_orders=100 am_volume=19241 pm=skipped_or_loaded
log_dir=/Users/sujinjung/Desktop/felab/aicp/2026_AICP_ver3.0/outputs/logs/experiment_matrix_45day_v10/RN_COMM_OFF
2026-03-05 turns=7/8 phases=pm,community am=skipped pm_orders=100 pm_volume=14575
log_dir=/Users/sujinjung/Desktop/felab/aicp/2026_AICP_ver3.0/outputs/logs/experiment_matrix_45day_v10/RN_COMM_OFF
2026-03-06 turns=9/10 phases=am am_orders=100 am_volume=12368 pm=skipped_or_loaded
log_dir=/Users/sujinjung/Desktop/felab/aicp/2026_AICP_ver3.0/outputs/logs/experiment_matrix_45day_v10/RN_COMM_OFF
2026-03-06 turns=9/10 phases=pm,community am=skipped pm_orders=100 pm_volume=23742
log_dir=/Users/sujinjung/Desktop/felab/aicp/2026_AICP_ver3.0/outputs/logs/experiment_matrix_45day_v10/RN_COMM_OFF
2026-03-09 turns=11/12 phases=am am_orders=100 am_volume=18899 pm=skipped_or_loaded
log_dir=/Users/sujinjung/Desktop/felab/aicp/2026_AICP_ver3.0/outputs/logs/experiment_matrix_45day_v10/RN_COMM_OFF
2026-03-09 turns=11/12 phases=pm,community am=skipped pm_orders=100 pm_volume=16509
log_dir=/Users/sujinjung/Desktop/felab/aicp/2026_AICP_ver3.0/outputs/logs/experiment_matrix_45day_v10/RN_COMM_OFF
2026-03-10 turns=13/14 phases=am am_orders=100 am_volume=15375 pm=skipped_or_loaded
log_dir=/Users/sujinjung/Desktop/felab/aicp/2026_AICP_ver3.0/outputs/logs/experiment_matrix_45day_v10/RN_COMM_OFF
2026-03-10 turns=13/14 phases=pm,community am=skipped pm_orders=100 pm_volume=16756
log_dir=/Users/sujinjung/Desktop/felab/aicp/2026_AICP_ver3.0/outputs/logs/experiment_matrix_45day_v10/RN_COMM_OFF
2026-03-11 turns=15/16 phases=am am_orders=100 am_volume=13810 pm=skipped_or_loaded
log_dir=/Users/sujinjung/Desktop/felab/aicp/2026_AICP_ver3.0/outputs/logs/experiment_matrix_45day_v10/RN_COMM_OFF
2026-03-11 turns=15/16 phases=pm,community am=skipped pm_orders=100 pm_volume=12280
log_dir=/Users/sujinjung/Desktop/felab/aicp/2026_AICP_ver3.0/outputs/logs/experiment_matrix_45day_v10/RN_COMM_OFF
2026-03-12 turns=17/18 phases=am am_orders=100 am_volume=12341 pm=skipped_or_loaded
log_dir=/Users/sujinjung/Desktop/felab/aicp/2026_AICP_ver3.0/outputs/logs/experiment_matrix_45day_v10/RN_COMM_OFF
2026-03-12 turns=17/18 phases=pm,community am=skipped pm_orders=100 pm_volume=11437
log_dir=/Users/sujinjung/Desktop/felab/aicp/2026_AICP_ver3.0/outputs/logs/experiment_matrix_45day_v10/RN_COMM_OFF
2026-03-13 turns=19/20 phases=am am_orders=100 am_volume=11580 pm=skipped_or_loaded
log_dir=/Users/sujinjung/Desktop/felab/aicp/2026_AICP_ver3.0/outputs/logs/experiment_matrix_45day_v10/RN_COMM_OFF
2026-03-13 turns=19/20 phases=pm,community am=skipped pm_orders=100 pm_volume=25052
log_dir=/Users/sujinjung/Desktop/felab/aicp/2026_AICP_ver3.0/outputs/logs/experiment_matrix_45day_v10/RN_COMM_OFF
2026-03-16 turns=21/22 phases=am am_orders=100 am_volume=15135 pm=skipped_or_loaded
log_dir=/Users/sujinjung/Desktop/felab/aicp/2026_AICP_ver3.0/outputs/logs/experiment_matrix_45day_v10/RN_COMM_OFF
2026-03-16 turns=21/22 phases=pm,community am=skipped pm_orders=100 pm_volume=15045
log_dir=/Users/sujinjung/Desktop/felab/aicp/2026_AICP_ver3.0/outputs/logs/experiment_matrix_45day_v10/RN_COMM_OFF
2026-03-17 turns=23/24 phases=am am_orders=100 am_volume=12352 pm=skipped_or_loaded
log_dir=/Users/sujinjung/Desktop/felab/aicp/2026_AICP_ver3.0/outputs/logs/experiment_matrix_45day_v10/RN_COMM_OFF
2026-03-17 turns=23/24 phases=pm,community am=skipped pm_orders=100 pm_volume=11744
log_dir=/Users/sujinjung/Desktop/felab/aicp/2026_AICP_ver3.0/outputs/logs/experiment_matrix_45day_v10/RN_COMM_OFF
2026-03-18 turns=25/26 phases=am am_orders=100 am_volume=13158 pm=skipped_or_loaded
log_dir=/Users/sujinjung/Desktop/felab/aicp/2026_AICP_ver3.0/outputs/logs/experiment_matrix_45day_v10/RN_COMM_OFF
2026-03-18 turns=25/26 phases=pm,community am=skipped pm_orders=100 pm_volume=13974
log_dir=/Users/sujinjung/Desktop/felab/aicp/2026_AICP_ver3.0/outputs/logs/experiment_matrix_45day_v10/RN_COMM_OFF
2026-03-19 turns=27/28 phases=am am_orders=100 am_volume=13325 pm=skipped_or_loaded
log_dir=/Users/sujinjung/Desktop/felab/aicp/2026_AICP_ver3.0/outputs/logs/experiment_matrix_45day_v10/RN_COMM_OFF
2026-03-19 turns=27/28 phases=pm,community am=skipped pm_orders=100 pm_volume=13288
log_dir=/Users/sujinjung/Desktop/felab/aicp/2026_AICP_ver3.0/outputs/logs/experiment_matrix_45day_v10/RN_COMM_OFF
2026-03-20 turns=29/30 phases=am am_orders=100 am_volume=13055 pm=skipped_or_loaded
log_dir=/Users/sujinjung/Desktop/felab/aicp/2026_AICP_ver3.0/outputs/logs/experiment_matrix_45day_v10/RN_COMM_OFF
2026-03-20 turns=29/30 phases=pm,community am=skipped pm_orders=100 pm_volume=12794
log_dir=/Users/sujinjung/Desktop/felab/aicp/2026_AICP_ver3.0/outputs/logs/experiment_matrix_45day_v10/RN_COMM_OFF
2026-03-23 turns=31/32 phases=am am_orders=100 am_volume=13944 pm=skipped_or_loaded
log_dir=/Users/sujinjung/Desktop/felab/aicp/2026_AICP_ver3.0/outputs/logs/experiment_matrix_45day_v10/RN_COMM_OFF
2026-03-23 turns=31/32 phases=pm,community am=skipped pm_orders=100 pm_volume=20460
log_dir=/Users/sujinjung/Desktop/felab/aicp/2026_AICP_ver3.0/outputs/logs/experiment_matrix_45day_v10/RN_COMM_OFF
2026-03-24 turns=33/34 phases=am am_orders=100 am_volume=16812 pm=skipped_or_loaded
log_dir=/Users/sujinjung/Desktop/felab/aicp/2026_AICP_ver3.0/outputs/logs/experiment_matrix_45day_v10/RN_COMM_OFF
2026-03-24 turns=33/34 phases=pm,community am=skipped pm_orders=100 pm_volume=14217
log_dir=/Users/sujinjung/Desktop/felab/aicp/2026_AICP_ver3.0/outputs/logs/experiment_matrix_45day_v10/RN_COMM_OFF
2026-03-25 turns=35/36 phases=am am_orders=100 am_volume=15671 pm=skipped_or_loaded
log_dir=/Users/sujinjung/Desktop/felab/aicp/2026_AICP_ver3.0/outputs/logs/experiment_matrix_45day_v10/RN_COMM_OFF
2026-03-25 turns=35/36 phases=pm,community am=skipped pm_orders=100 pm_volume=18349
log_dir=/Users/sujinjung/Desktop/felab/aicp/2026_AICP_ver3.0/outputs/logs/experiment_matrix_45day_v10/RN_COMM_OFF
2026-03-26 turns=37/38 phases=am am_orders=100 am_volume=17749 pm=skipped_or_loaded
log_dir=/Users/sujinjung/Desktop/felab/aicp/2026_AICP_ver3.0/outputs/logs/experiment_matrix_45day_v10/RN_COMM_OFF
2026-03-26 turns=37/38 phases=pm,community am=skipped pm_orders=100 pm_volume=15554
log_dir=/Users/sujinjung/Desktop/felab/aicp/2026_AICP_ver3.0/outputs/logs/experiment_matrix_45day_v10/RN_COMM_OFF
2026-03-27 turns=39/40 phases=am am_orders=100 am_volume=16479 pm=skipped_or_loaded
log_dir=/Users/sujinjung/Desktop/felab/aicp/2026_AICP_ver3.0/outputs/logs/experiment_matrix_45day_v10/RN_COMM_OFF
2026-03-27 turns=39/40 phases=pm,community am=skipped pm_orders=100 pm_volume=22432
log_dir=/Users/sujinjung/Desktop/felab/aicp/2026_AICP_ver3.0/outputs/logs/experiment_matrix_45day_v10/RN_COMM_OFF
2026-03-30 turns=41/42 phases=am am_orders=100 am_volume=16001 pm=skipped_or_loaded
log_dir=/Users/sujinjung/Desktop/felab/aicp/2026_AICP_ver3.0/outputs/logs/experiment_matrix_45day_v10/RN_COMM_OFF
2026-03-30 turns=41/42 phases=pm,community am=skipped pm_orders=100 pm_volume=13375
log_dir=/Users/sujinjung/Desktop/felab/aicp/2026_AICP_ver3.0/outputs/logs/experiment_matrix_45day_v10/RN_COMM_OFF
2026-03-31 turns=43/44 phases=am am_orders=100 am_volume=20021 pm=skipped_or_loaded
log_dir=/Users/sujinjung/Desktop/felab/aicp/2026_AICP_ver3.0/outputs/logs/experiment_matrix_45day_v10/RN_COMM_OFF
2026-03-31 turns=43/44 phases=pm,community am=skipped pm_orders=100 pm_volume=21397
log_dir=/Users/sujinjung/Desktop/felab/aicp/2026_AICP_ver3.0/outputs/logs/experiment_matrix_45day_v10/RN_COMM_OFF
2026-04-01 turns=45/46 phases=am am_orders=100 am_volume=15998 pm=skipped_or_loaded
log_dir=/Users/sujinjung/Desktop/felab/aicp/2026_AICP_ver3.0/outputs/logs/experiment_matrix_45day_v10/RN_COMM_OFF
2026-04-01 turns=45/46 phases=pm,community am=skipped pm_orders=100 pm_volume=17215
log_dir=/Users/sujinjung/Desktop/felab/aicp/2026_AICP_ver3.0/outputs/logs/experiment_matrix_45day_v10/RN_COMM_OFF
2026-04-02 turns=47/48 phases=am am_orders=100 am_volume=14158 pm=skipped_or_loaded
log_dir=/Users/sujinjung/Desktop/felab/aicp/2026_AICP_ver3.0/outputs/logs/experiment_matrix_45day_v10/RN_COMM_OFF
2026-04-02 turns=47/48 phases=pm,community am=skipped pm_orders=100 pm_volume=15029
log_dir=/Users/sujinjung/Desktop/felab/aicp/2026_AICP_ver3.0/outputs/logs/experiment_matrix_45day_v10/RN_COMM_OFF
2026-04-03 turns=49/50 phases=am am_orders=100 am_volume=17879 pm=skipped_or_loaded
log_dir=/Users/sujinjung/Desktop/felab/aicp/2026_AICP_ver3.0/outputs/logs/experiment_matrix_45day_v10/RN_COMM_OFF
2026-04-03 turns=49/50 phases=pm,community am=skipped pm_orders=100 pm_volume=23253
log_dir=/Users/sujinjung/Desktop/felab/aicp/2026_AICP_ver3.0/outputs/logs/experiment_matrix_45day_v10/RN_COMM_OFF
2026-04-06 turns=51/52 phases=am am_orders=100 am_volume=13611 pm=skipped_or_loaded
log_dir=/Users/sujinjung/Desktop/felab/aicp/2026_AICP_ver3.0/outputs/logs/experiment_matrix_45day_v10/RN_COMM_OFF
2026-04-06 turns=51/52 phases=pm,community am=skipped pm_orders=100 pm_volume=17052
log_dir=/Users/sujinjung/Desktop/felab/aicp/2026_AICP_ver3.0/outputs/logs/experiment_matrix_45day_v10/RN_COMM_OFF
2026-04-07 turns=53/54 phases=am am_orders=100 am_volume=11698 pm=skipped_or_loaded
log_dir=/Users/sujinjung/Desktop/felab/aicp/2026_AICP_ver3.0/outputs/logs/experiment_matrix_45day_v10/RN_COMM_OFF
2026-04-07 turns=53/54 phases=pm,community am=skipped pm_orders=100 pm_volume=12236
log_dir=/Users/sujinjung/Desktop/felab/aicp/2026_AICP_ver3.0/outputs/logs/experiment_matrix_45day_v10/RN_COMM_OFF
2026-04-08 turns=55/56 phases=am am_orders=100 am_volume=13558 pm=skipped_or_loaded
log_dir=/Users/sujinjung/Desktop/felab/aicp/2026_AICP_ver3.0/outputs/logs/experiment_matrix_45day_v10/RN_COMM_OFF
2026-04-08 turns=55/56 phases=pm,community am=skipped pm_orders=100 pm_volume=14379
log_dir=/Users/sujinjung/Desktop/felab/aicp/2026_AICP_ver3.0/outputs/logs/experiment_matrix_45day_v10/RN_COMM_OFF
2026-04-09 turns=57/58 phases=am am_orders=100 am_volume=15687 pm=skipped_or_loaded
log_dir=/Users/sujinjung/Desktop/felab/aicp/2026_AICP_ver3.0/outputs/logs/experiment_matrix_45day_v10/RN_COMM_OFF
2026-04-09 turns=57/58 phases=pm,community am=skipped pm_orders=100 pm_volume=13187
log_dir=/Users/sujinjung/Desktop/felab/aicp/2026_AICP_ver3.0/outputs/logs/experiment_matrix_45day_v10/RN_COMM_OFF
2026-04-10 turns=59/60 phases=am am_orders=100 am_volume=10040 pm=skipped_or_loaded
log_dir=/Users/sujinjung/Desktop/felab/aicp/2026_AICP_ver3.0/outputs/logs/experiment_matrix_45day_v10/RN_COMM_OFF
2026-04-10 turns=59/60 phases=pm,community am=skipped pm_orders=100 pm_volume=11140
log_dir=/Users/sujinjung/Desktop/felab/aicp/2026_AICP_ver3.0/outputs/logs/experiment_matrix_45day_v10/RN_COMM_OFF
2026-04-13 turns=61/62 phases=am am_orders=100 am_volume=11850 pm=skipped_or_loaded
log_dir=/Users/sujinjung/Desktop/felab/aicp/2026_AICP_ver3.0/outputs/logs/experiment_matrix_45day_v10/RN_COMM_OFF
2026-04-13 turns=61/62 phases=pm,community am=skipped pm_orders=100 pm_volume=9734
log_dir=/Users/sujinjung/Desktop/felab/aicp/2026_AICP_ver3.0/outputs/logs/experiment_matrix_45day_v10/RN_COMM_OFF
2026-04-14 turns=63/64 phases=am am_orders=100 am_volume=10939 pm=skipped_or_loaded
log_dir=/Users/sujinjung/Desktop/felab/aicp/2026_AICP_ver3.0/outputs/logs/experiment_matrix_45day_v10/RN_COMM_OFF
2026-04-14 turns=63/64 phases=pm,community am=skipped pm_orders=100 pm_volume=15189
log_dir=/Users/sujinjung/Desktop/felab/aicp/2026_AICP_ver3.0/outputs/logs/experiment_matrix_45day_v10/RN_COMM_OFF
2026-04-15 turns=65/66 phases=am am_orders=100 am_volume=9545 pm=skipped_or_loaded
log_dir=/Users/sujinjung/Desktop/felab/aicp/2026_AICP_ver3.0/outputs/logs/experiment_matrix_45day_v10/RN_COMM_OFF
2026-04-15 turns=65/66 phases=pm,community am=skipped pm_orders=100 pm_volume=12050
log_dir=/Users/sujinjung/Desktop/felab/aicp/2026_AICP_ver3.0/outputs/logs/experiment_matrix_45day_v10/RN_COMM_OFF
2026-04-16 turns=67/68 phases=am am_orders=100 am_volume=10719 pm=skipped_or_loaded
log_dir=/Users/sujinjung/Desktop/felab/aicp/2026_AICP_ver3.0/outputs/logs/experiment_matrix_45day_v10/RN_COMM_OFF
2026-04-16 turns=67/68 phases=pm,community am=skipped pm_orders=100 pm_volume=13851
log_dir=/Users/sujinjung/Desktop/felab/aicp/2026_AICP_ver3.0/outputs/logs/experiment_matrix_45day_v10/RN_COMM_OFF
2026-04-17 turns=69/70 phases=am am_orders=100 am_volume=13641 pm=skipped_or_loaded
log_dir=/Users/sujinjung/Desktop/felab/aicp/2026_AICP_ver3.0/outputs/logs/experiment_matrix_45day_v10/RN_COMM_OFF
2026-04-17 turns=69/70 phases=pm,community am=skipped pm_orders=100 pm_volume=10555
log_dir=/Users/sujinjung/Desktop/felab/aicp/2026_AICP_ver3.0/outputs/logs/experiment_matrix_45day_v10/RN_COMM_OFF
2026-04-20 turns=71/72 phases=am am_orders=100 am_volume=11844 pm=skipped_or_loaded
log_dir=/Users/sujinjung/Desktop/felab/aicp/2026_AICP_ver3.0/outputs/logs/experiment_matrix_45day_v10/RN_COMM_OFF
2026-04-20 turns=71/72 phases=pm,community am=skipped pm_orders=100 pm_volume=9553
log_dir=/Users/sujinjung/Desktop/felab/aicp/2026_AICP_ver3.0/outputs/logs/experiment_matrix_45day_v10/RN_COMM_OFF
2026-04-21 turns=73/74 phases=am am_orders=100 am_volume=12299 pm=skipped_or_loaded
log_dir=/Users/sujinjung/Desktop/felab/aicp/2026_AICP_ver3.0/outputs/logs/experiment_matrix_45day_v10/RN_COMM_OFF
2026-04-21 turns=73/74 phases=pm,community am=skipped pm_orders=100 pm_volume=13039
log_dir=/Users/sujinjung/Desktop/felab/aicp/2026_AICP_ver3.0/outputs/logs/experiment_matrix_45day_v10/RN_COMM_OFF
2026-04-22 turns=75/76 phases=am am_orders=100 am_volume=12468 pm=skipped_or_loaded
log_dir=/Users/sujinjung/Desktop/felab/aicp/2026_AICP_ver3.0/outputs/logs/experiment_matrix_45day_v10/RN_COMM_OFF
2026-04-22 turns=75/76 phases=pm,community am=skipped pm_orders=100 pm_volume=20173
log_dir=/Users/sujinjung/Desktop/felab/aicp/2026_AICP_ver3.0/outputs/logs/experiment_matrix_45day_v10/RN_COMM_OFF
2026-04-23 turns=77/78 phases=am am_orders=100 am_volume=16723 pm=skipped_or_loaded
log_dir=/Users/sujinjung/Desktop/felab/aicp/2026_AICP_ver3.0/outputs/logs/experiment_matrix_45day_v10/RN_COMM_OFF
2026-04-23 turns=77/78 phases=pm,community am=skipped pm_orders=100 pm_volume=14817
log_dir=/Users/sujinjung/Desktop/felab/aicp/2026_AICP_ver3.0/outputs/logs/experiment_matrix_45day_v10/RN_COMM_OFF
2026-04-24 turns=79/80 phases=am am_orders=100 am_volume=12725 pm=skipped_or_loaded
log_dir=/Users/sujinjung/Desktop/felab/aicp/2026_AICP_ver3.0/outputs/logs/experiment_matrix_45day_v10/RN_COMM_OFF
2026-04-24 turns=79/80 phases=pm,community am=skipped pm_orders=100 pm_volume=14761
log_dir=/Users/sujinjung/Desktop/felab/aicp/2026_AICP_ver3.0/outputs/logs/experiment_matrix_45day_v10/RN_COMM_OFF
2026-04-27 turns=81/82 phases=am am_orders=100 am_volume=9652 pm=skipped_or_loaded
log_dir=/Users/sujinjung/Desktop/felab/aicp/2026_AICP_ver3.0/outputs/logs/experiment_matrix_45day_v10/RN_COMM_OFF
2026-04-27 turns=81/82 phases=pm,community am=skipped pm_orders=100 pm_volume=11476
log_dir=/Users/sujinjung/Desktop/felab/aicp/2026_AICP_ver3.0/outputs/logs/experiment_matrix_45day_v10/RN_COMM_OFF
2026-04-28 turns=83/84 phases=am am_orders=100 am_volume=10160 pm=skipped_or_loaded
log_dir=/Users/sujinjung/Desktop/felab/aicp/2026_AICP_ver3.0/outputs/logs/experiment_matrix_45day_v10/RN_COMM_OFF
2026-04-28 turns=83/84 phases=pm,community am=skipped pm_orders=100 pm_volume=12777
log_dir=/Users/sujinjung/Desktop/felab/aicp/2026_AICP_ver3.0/outputs/logs/experiment_matrix_45day_v10/RN_COMM_OFF
2026-04-29 turns=85/86 phases=am am_orders=100 am_volume=14346 pm=skipped_or_loaded
log_dir=/Users/sujinjung/Desktop/felab/aicp/2026_AICP_ver3.0/outputs/logs/experiment_matrix_45day_v10/RN_COMM_OFF
2026-04-29 turns=85/86 phases=pm,community am=skipped pm_orders=100 pm_volume=13898
log_dir=/Users/sujinjung/Desktop/felab/aicp/2026_AICP_ver3.0/outputs/logs/experiment_matrix_45day_v10/RN_COMM_OFF
2026-04-30 turns=87/88 phases=am am_orders=100 am_volume=15985 pm=skipped_or_loaded
log_dir=/Users/sujinjung/Desktop/felab/aicp/2026_AICP_ver3.0/outputs/logs/experiment_matrix_45day_v10/RN_COMM_OFF
2026-04-30 turns=87/88 phases=pm,community am=skipped pm_orders=100 pm_volume=20133
log_dir=/Users/sujinjung/Desktop/felab/aicp/2026_AICP_ver3.0/outputs/logs/experiment_matrix_45day_v10/RN_COMM_OFF
2026-05-04 turns=89/90 phases=am am_orders=100 am_volume=13925 pm=skipped_or_loaded
log_dir=/Users/sujinjung/Desktop/felab/aicp/2026_AICP_ver3.0/outputs/logs/experiment_matrix_45day_v10/RN_COMM_OFF
2026-05-04 turns=89/90 phases=pm,community am=skipped pm_orders=100 pm_volume=14535
log_dir=/Users/sujinjung/Desktop/felab/aicp/2026_AICP_ver3.0/outputs/logs/experiment_matrix_45day_v10/RN_COMM_OFF
log_dir=/Users/sujinjung/Desktop/felab/aicp/2026_AICP_ver3.0/outputs/logs/experiment_matrix_45day_v10/RN_COMM_OFF
[launch_attempt=1 return_code=0 finished_at=2026-08-02T09:42:58.895853]
