
[launch_attempt=1 started_at=2026-08-02T02:41:50.393474]
2026-02-27 turns=1/2 phases=am am_orders=100 am_volume=25353 pm=skipped_or_loaded
log_dir=/Users/sujinjung/Desktop/felab/aicp/2026_AICP_ver3.0/outputs/logs/experiment_matrix_45day_v10/RN_COMM_ON
  community_phase done: 70 agents, 5 best posts
2026-02-27 turns=1/2 phases=pm,community am=skipped pm_orders=100 pm_volume=15536
log_dir=/Users/sujinjung/Desktop/felab/aicp/2026_AICP_ver3.0/outputs/logs/experiment_matrix_45day_v10/RN_COMM_ON
2026-03-03 turns=3/4 phases=am am_orders=100 am_volume=11435 pm=skipped_or_loaded
log_dir=/Users/sujinjung/Desktop/felab/aicp/2026_AICP_ver3.0/outputs/logs/experiment_matrix_45day_v10/RN_COMM_ON
  community_phase done: 70 agents, 5 best posts
2026-03-03 turns=3/4 phases=pm,community am=skipped pm_orders=100 pm_volume=14434
log_dir=/Users/sujinjung/Desktop/felab/aicp/2026_AICP_ver3.0/outputs/logs/experiment_matrix_45day_v10/RN_COMM_ON
2026-03-04 turns=5/6 phases=am am_orders=100 am_volume=21491 pm=skipped_or_loaded
log_dir=/Users/sujinjung/Desktop/felab/aicp/2026_AICP_ver3.0/outputs/logs/experiment_matrix_45day_v10/RN_COMM_ON
  community_phase done: 70 agents, 5 best posts
2026-03-04 turns=5/6 phases=pm,community am=skipped pm_orders=100 pm_volume=23568
log_dir=/Users/sujinjung/Desktop/felab/aicp/2026_AICP_ver3.0/outputs/logs/experiment_matrix_45day_v10/RN_COMM_ON
2026-03-05 turns=7/8 phases=am am_orders=100 am_volume=18335 pm=skipped_or_loaded
log_dir=/Users/sujinjung/Desktop/felab/aicp/2026_AICP_ver3.0/outputs/logs/experiment_matrix_45day_v10/RN_COMM_ON
  community_phase done: 70 agents, 5 best posts
2026-03-05 turns=7/8 phases=pm,community am=skipped pm_orders=100 pm_volume=21270
log_dir=/Users/sujinjung/Desktop/felab/aicp/2026_AICP_ver3.0/outputs/logs/experiment_matrix_45day_v10/RN_COMM_ON
2026-03-06 turns=9/10 phases=am am_orders=100 am_volume=16005 pm=skipped_or_loaded
log_dir=/Users/sujinjung/Desktop/felab/aicp/2026_AICP_ver3.0/outputs/logs/experiment_matrix_45day_v10/RN_COMM_ON
  community_phase done: 70 agents, 5 best posts
2026-03-06 turns=9/10 phases=pm,community am=skipped pm_orders=100 pm_volume=18845
log_dir=/Users/sujinjung/Desktop/felab/aicp/2026_AICP_ver3.0/outputs/logs/experiment_matrix_45day_v10/RN_COMM_ON
2026-03-09 turns=11/12 phases=am am_orders=100 am_volume=19846 pm=skipped_or_loaded
log_dir=/Users/sujinjung/Desktop/felab/aicp/2026_AICP_ver3.0/outputs/logs/experiment_matrix_45day_v10/RN_COMM_ON
  community_phase done: 70 agents, 5 best posts
2026-03-09 turns=11/12 phases=pm,community am=skipped pm_orders=100 pm_volume=16116
log_dir=/Users/sujinjung/Desktop/felab/aicp/2026_AICP_ver3.0/outputs/logs/experiment_matrix_45day_v10/RN_COMM_ON
2026-03-10 turns=13/14 phases=am am_orders=100 am_volume=17782 pm=skipped_or_loaded
log_dir=/Users/sujinjung/Desktop/felab/aicp/2026_AICP_ver3.0/outputs/logs/experiment_matrix_45day_v10/RN_COMM_ON
  community_phase done: 70 agents, 5 best posts
2026-03-10 turns=13/14 phases=pm,community am=skipped pm_orders=100 pm_volume=16579
log_dir=/Users/sujinjung/Desktop/felab/aicp/2026_AICP_ver3.0/outputs/logs/experiment_matrix_45day_v10/RN_COMM_ON
2026-03-11 turns=15/16 phases=am am_orders=100 am_volume=13624 pm=skipped_or_loaded
log_dir=/Users/sujinjung/Desktop/felab/aicp/2026_AICP_ver3.0/outputs/logs/experiment_matrix_45day_v10/RN_COMM_ON
  community_phase done: 70 agents, 5 best posts
2026-03-11 turns=15/16 phases=pm,community am=skipped pm_orders=100 pm_volume=14341
log_dir=/Users/sujinjung/Desktop/felab/aicp/2026_AICP_ver3.0/outputs/logs/experiment_matrix_45day_v10/RN_COMM_ON
2026-03-12 turns=17/18 phases=am am_orders=100 am_volume=12549 pm=skipped_or_loaded
log_dir=/Users/sujinjung/Desktop/felab/aicp/2026_AICP_ver3.0/outputs/logs/experiment_matrix_45day_v10/RN_COMM_ON
  community_phase done: 70 agents, 5 best posts
2026-03-12 turns=17/18 phases=pm,community am=skipped pm_orders=100 pm_volume=11003
log_dir=/Users/sujinjung/Desktop/felab/aicp/2026_AICP_ver3.0/outputs/logs/experiment_matrix_45day_v10/RN_COMM_ON
2026-03-13 turns=19/20 phases=am am_orders=100 am_volume=15567 pm=skipped_or_loaded
log_dir=/Users/sujinjung/Desktop/felab/aicp/2026_AICP_ver3.0/outputs/logs/experiment_matrix_45day_v10/RN_COMM_ON
  community_phase done: 70 agents, 5 best posts
2026-03-13 turns=19/20 phases=pm,community am=skipped pm_orders=100 pm_volume=19194
log_dir=/Users/sujinjung/Desktop/felab/aicp/2026_AICP_ver3.0/outputs/logs/experiment_matrix_45day_v10/RN_COMM_ON
2026-03-16 turns=21/22 phases=am am_orders=100 am_volume=15751 pm=skipped_or_loaded
log_dir=/Users/sujinjung/Desktop/felab/aicp/2026_AICP_ver3.0/outputs/logs/experiment_matrix_45day_v10/RN_COMM_ON
  community_phase done: 70 agents, 5 best posts
2026-03-16 turns=21/22 phases=pm,community am=skipped pm_orders=100 pm_volume=11876
log_dir=/Users/sujinjung/Desktop/felab/aicp/2026_AICP_ver3.0/outputs/logs/experiment_matrix_45day_v10/RN_COMM_ON
2026-03-17 turns=23/24 phases=am am_orders=100 am_volume=10319 pm=skipped_or_loaded
log_dir=/Users/sujinjung/Desktop/felab/aicp/2026_AICP_ver3.0/outputs/logs/experiment_matrix_45day_v10/RN_COMM_ON
  community_phase done: 70 agents, 5 best posts
2026-03-17 turns=23/24 phases=pm,community am=skipped pm_orders=100 pm_volume=16171
log_dir=/Users/sujinjung/Desktop/felab/aicp/2026_AICP_ver3.0/outputs/logs/experiment_matrix_45day_v10/RN_COMM_ON
2026-03-18 turns=25/26 phases=am am_orders=100 am_volume=14016 pm=skipped_or_loaded
log_dir=/Users/sujinjung/Desktop/felab/aicp/2026_AICP_ver3.0/outputs/logs/experiment_matrix_45day_v10/RN_COMM_ON
  community_phase done: 70 agents, 5 best posts
2026-03-18 turns=25/26 phases=pm,community am=skipped pm_orders=100 pm_volume=15125
log_dir=/Users/sujinjung/Desktop/felab/aicp/2026_AICP_ver3.0/outputs/logs/experiment_matrix_45day_v10/RN_COMM_ON
2026-03-19 turns=27/28 phases=am am_orders=100 am_volume=17881 pm=skipped_or_loaded
log_dir=/Users/sujinjung/Desktop/felab/aicp/2026_AICP_ver3.0/outputs/logs/experiment_matrix_45day_v10/RN_COMM_ON
  community_phase done: 70 agents, 5 best posts
2026-03-19 turns=27/28 phases=pm,community am=skipped pm_orders=100 pm_volume=14781
log_dir=/Users/sujinjung/Desktop/felab/aicp/2026_AICP_ver3.0/outputs/logs/experiment_matrix_45day_v10/RN_COMM_ON
2026-03-20 turns=29/30 phases=am am_orders=100 am_volume=11948 pm=skipped_or_loaded
log_dir=/Users/sujinjung/Desktop/felab/aicp/2026_AICP_ver3.0/outputs/logs/experiment_matrix_45day_v10/RN_COMM_ON
  community_phase done: 70 agents, 5 best posts
2026-03-20 turns=29/30 phases=pm,community am=skipped pm_orders=100 pm_volume=15045
log_dir=/Users/sujinjung/Desktop/felab/aicp/2026_AICP_ver3.0/outputs/logs/experiment_matrix_45day_v10/RN_COMM_ON
2026-03-23 turns=31/32 phases=am am_orders=100 am_volume=16638 pm=skipped_or_loaded
log_dir=/Users/sujinjung/Desktop/felab/aicp/2026_AICP_ver3.0/outputs/logs/experiment_matrix_45day_v10/RN_COMM_ON
  community_phase done: 70 agents, 5 best posts
2026-03-23 turns=31/32 phases=pm,community am=skipped pm_orders=100 pm_volume=19866
log_dir=/Users/sujinjung/Desktop/felab/aicp/2026_AICP_ver3.0/outputs/logs/experiment_matrix_45day_v10/RN_COMM_ON
2026-03-24 turns=33/34 phases=am am_orders=100 am_volume=19695 pm=skipped_or_loaded
log_dir=/Users/sujinjung/Desktop/felab/aicp/2026_AICP_ver3.0/outputs/logs/experiment_matrix_45day_v10/RN_COMM_ON
  community_phase done: 70 agents, 5 best posts
2026-03-24 turns=33/34 phases=pm,community am=skipped pm_orders=100 pm_volume=14904
log_dir=/Users/sujinjung/Desktop/felab/aicp/2026_AICP_ver3.0/outputs/logs/experiment_matrix_45day_v10/RN_COMM_ON
2026-03-25 turns=35/36 phases=am am_orders=100 am_volume=13170 pm=skipped_or_loaded
log_dir=/Users/sujinjung/Desktop/felab/aicp/2026_AICP_ver3.0/outputs/logs/experiment_matrix_45day_v10/RN_COMM_ON
  community_phase done: 70 agents, 5 best posts
2026-03-25 turns=35/36 phases=pm,community am=skipped pm_orders=100 pm_volume=13747
log_dir=/Users/sujinjung/Desktop/felab/aicp/2026_AICP_ver3.0/outputs/logs/experiment_matrix_45day_v10/RN_COMM_ON
2026-03-26 turns=37/38 phases=am am_orders=100 am_volume=21487 pm=skipped_or_loaded
log_dir=/Users/sujinjung/Desktop/felab/aicp/2026_AICP_ver3.0/outputs/logs/experiment_matrix_45day_v10/RN_COMM_ON
  community_phase done: 70 agents, 5 best posts
2026-03-26 turns=37/38 phases=pm,community am=skipped pm_orders=100 pm_volume=16995
log_dir=/Users/sujinjung/Desktop/felab/aicp/2026_AICP_ver3.0/outputs/logs/experiment_matrix_45day_v10/RN_COMM_ON
2026-03-27 turns=39/40 phases=am am_orders=100 am_volume=18079 pm=skipped_or_loaded
log_dir=/Users/sujinjung/Desktop/felab/aicp/2026_AICP_ver3.0/outputs/logs/experiment_matrix_45day_v10/RN_COMM_ON
  community_phase done: 70 agents, 5 best posts
2026-03-27 turns=39/40 phases=pm,community am=skipped pm_orders=100 pm_volume=17731
log_dir=/Users/sujinjung/Desktop/felab/aicp/2026_AICP_ver3.0/outputs/logs/experiment_matrix_45day_v10/RN_COMM_ON
2026-03-30 turns=41/42 phases=am am_orders=100 am_volume=15267 pm=skipped_or_loaded
log_dir=/Users/sujinjung/Desktop/felab/aicp/2026_AICP_ver3.0/outputs/logs/experiment_matrix_45day_v10/RN_COMM_ON
  community_phase done: 70 agents, 5 best posts
2026-03-30 turns=41/42 phases=pm,community am=skipped pm_orders=100 pm_volume=15624
log_dir=/Users/sujinjung/Desktop/felab/aicp/2026_AICP_ver3.0/outputs/logs/experiment_matrix_45day_v10/RN_COMM_ON
2026-03-31 turns=43/44 phases=am am_orders=100 am_volume=15897 pm=skipped_or_loaded
log_dir=/Users/sujinjung/Desktop/felab/aicp/2026_AICP_ver3.0/outputs/logs/experiment_matrix_45day_v10/RN_COMM_ON
  community_phase done: 70 agents, 5 best posts
2026-03-31 turns=43/44 phases=pm,community am=skipped pm_orders=100 pm_volume=17702
log_dir=/Users/sujinjung/Desktop/felab/aicp/2026_AICP_ver3.0/outputs/logs/experiment_matrix_45day_v10/RN_COMM_ON
2026-04-01 turns=45/46 phases=am am_orders=100 am_volume=18116 pm=skipped_or_loaded
log_dir=/Users/sujinjung/Desktop/felab/aicp/2026_AICP_ver3.0/outputs/logs/experiment_matrix_45day_v10/RN_COMM_ON
  community_phase done: 70 agents, 5 best posts
2026-04-01 turns=45/46 phases=pm,community am=skipped pm_orders=100 pm_volume=16214
log_dir=/Users/sujinjung/Desktop/felab/aicp/2026_AICP_ver3.0/outputs/logs/experiment_matrix_45day_v10/RN_COMM_ON
2026-04-02 turns=47/48 phases=am am_orders=100 am_volume=12409 pm=skipped_or_loaded
log_dir=/Users/sujinjung/Desktop/felab/aicp/2026_AICP_ver3.0/outputs/logs/experiment_matrix_45day_v10/RN_COMM_ON
  community_phase done: 70 agents, 5 best posts
2026-04-02 turns=47/48 phases=pm,community am=skipped pm_orders=100 pm_volume=19188
log_dir=/Users/sujinjung/Desktop/felab/aicp/2026_AICP_ver3.0/outputs/logs/experiment_matrix_45day_v10/RN_COMM_ON
2026-04-03 turns=49/50 phases=am am_orders=100 am_volume=19341 pm=skipped_or_loaded
log_dir=/Users/sujinjung/Desktop/felab/aicp/2026_AICP_ver3.0/outputs/logs/experiment_matrix_45day_v10/RN_COMM_ON
  community_phase done: 70 agents, 5 best posts
2026-04-03 turns=49/50 phases=pm,community am=skipped pm_orders=100 pm_volume=19537
log_dir=/Users/sujinjung/Desktop/felab/aicp/2026_AICP_ver3.0/outputs/logs/experiment_matrix_45day_v10/RN_COMM_ON
2026-04-06 turns=51/52 phases=am am_orders=100 am_volume=12786 pm=skipped_or_loaded
log_dir=/Users/sujinjung/Desktop/felab/aicp/2026_AICP_ver3.0/outputs/logs/experiment_matrix_45day_v10/RN_COMM_ON
  community_phase done: 70 agents, 5 best posts
2026-04-06 turns=51/52 phases=pm,community am=skipped pm_orders=100 pm_volume=12419
log_dir=/Users/sujinjung/Desktop/felab/aicp/2026_AICP_ver3.0/outputs/logs/experiment_matrix_45day_v10/RN_COMM_ON
2026-04-07 turns=53/54 phases=am am_orders=100 am_volume=9719 pm=skipped_or_loaded
log_dir=/Users/sujinjung/Desktop/felab/aicp/2026_AICP_ver3.0/outputs/logs/experiment_matrix_45day_v10/RN_COMM_ON
  community_phase done: 70 agents, 5 best posts
2026-04-07 turns=53/54 phases=pm,community am=skipped pm_orders=100 pm_volume=15067
log_dir=/Users/sujinjung/Desktop/felab/aicp/2026_AICP_ver3.0/outputs/logs/experiment_matrix_45day_v10/RN_COMM_ON
2026-04-08 turns=55/56 phases=am am_orders=100 am_volume=16975 pm=skipped_or_loaded
log_dir=/Users/sujinjung/Desktop/felab/aicp/2026_AICP_ver3.0/outputs/logs/experiment_matrix_45day_v10/RN_COMM_ON
  community_phase done: 70 agents, 5 best posts
2026-04-08 turns=55/56 phases=pm,community am=skipped pm_orders=100 pm_volume=12817
log_dir=/Users/sujinjung/Desktop/felab/aicp/2026_AICP_ver3.0/outputs/logs/experiment_matrix_45day_v10/RN_COMM_ON
2026-04-09 turns=57/58 phases=am am_orders=100 am_volume=13437 pm=skipped_or_loaded
log_dir=/Users/sujinjung/Desktop/felab/aicp/2026_AICP_ver3.0/outputs/logs/experiment_matrix_45day_v10/RN_COMM_ON
  community_phase done: 70 agents, 5 best posts
2026-04-09 turns=57/58 phases=pm,community am=skipped pm_orders=100 pm_volume=12245
log_dir=/Users/sujinjung/Desktop/felab/aicp/2026_AICP_ver3.0/outputs/logs/experiment_matrix_45day_v10/RN_COMM_ON
2026-04-10 turns=59/60 phases=am am_orders=100 am_volume=11426 pm=skipped_or_loaded
log_dir=/Users/sujinjung/Desktop/felab/aicp/2026_AICP_ver3.0/outputs/logs/experiment_matrix_45day_v10/RN_COMM_ON
  community_phase done: 70 agents, 5 best posts
2026-04-10 turns=59/60 phases=pm,community am=skipped pm_orders=100 pm_volume=11976
log_dir=/Users/sujinjung/Desktop/felab/aicp/2026_AICP_ver3.0/outputs/logs/experiment_matrix_45day_v10/RN_COMM_ON
2026-04-13 turns=61/62 phases=am am_orders=100 am_volume=20056 pm=skipped_or_loaded
log_dir=/Users/sujinjung/Desktop/felab/aicp/2026_AICP_ver3.0/outputs/logs/experiment_matrix_45day_v10/RN_COMM_ON
  community_phase done: 70 agents, 5 best posts
2026-04-13 turns=61/62 phases=pm,community am=skipped pm_orders=100 pm_volume=15911
log_dir=/Users/sujinjung/Desktop/felab/aicp/2026_AICP_ver3.0/outputs/logs/experiment_matrix_45day_v10/RN_COMM_ON
2026-04-14 turns=63/64 phases=am am_orders=100 am_volume=10810 pm=skipped_or_loaded
log_dir=/Users/sujinjung/Desktop/felab/aicp/2026_AICP_ver3.0/outputs/logs/experiment_matrix_45day_v10/RN_COMM_ON
  community_phase done: 70 agents, 5 best posts
2026-04-14 turns=63/64 phases=pm,community am=skipped pm_orders=100 pm_volume=12227
log_dir=/Users/sujinjung/Desktop/felab/aicp/2026_AICP_ver3.0/outputs/logs/experiment_matrix_45day_v10/RN_COMM_ON
2026-04-15 turns=65/66 phases=am am_orders=100 am_volume=17801 pm=skipped_or_loaded
log_dir=/Users/sujinjung/Desktop/felab/aicp/2026_AICP_ver3.0/outputs/logs/experiment_matrix_45day_v10/RN_COMM_ON
  community_phase done: 70 agents, 5 best posts
2026-04-15 turns=65/66 phases=pm,community am=skipped pm_orders=100 pm_volume=13269
log_dir=/Users/sujinjung/Desktop/felab/aicp/2026_AICP_ver3.0/outputs/logs/experiment_matrix_45day_v10/RN_COMM_ON
2026-04-16 turns=67/68 phases=am am_orders=100 am_volume=14945 pm=skipped_or_loaded
log_dir=/Users/sujinjung/Desktop/felab/aicp/2026_AICP_ver3.0/outputs/logs/experiment_matrix_45day_v10/RN_COMM_ON
  community_phase done: 70 agents, 5 best posts
2026-04-16 turns=67/68 phases=pm,community am=skipped pm_orders=100 pm_volume=11707
log_dir=/Users/sujinjung/Desktop/felab/aicp/2026_AICP_ver3.0/outputs/logs/experiment_matrix_45day_v10/RN_COMM_ON
2026-04-17 turns=69/70 phases=am am_orders=100 am_volume=12043 pm=skipped_or_loaded
log_dir=/Users/sujinjung/Desktop/felab/aicp/2026_AICP_ver3.0/outputs/logs/experiment_matrix_45day_v10/RN_COMM_ON
  community_phase done: 70 agents, 5 best posts
2026-04-17 turns=69/70 phases=pm,community am=skipped pm_orders=100 pm_volume=11903
log_dir=/Users/sujinjung/Desktop/felab/aicp/2026_AICP_ver3.0/outputs/logs/experiment_matrix_45day_v10/RN_COMM_ON
2026-04-20 turns=71/72 phases=am am_orders=100 am_volume=12228 pm=skipped_or_loaded
log_dir=/Users/sujinjung/Desktop/felab/aicp/2026_AICP_ver3.0/outputs/logs/experiment_matrix_45day_v10/RN_COMM_ON
  community_phase done: 70 agents, 5 best posts
2026-04-20 turns=71/72 phases=pm,community am=skipped pm_orders=100 pm_volume=10389
log_dir=/Users/sujinjung/Desktop/felab/aicp/2026_AICP_ver3.0/outputs/logs/experiment_matrix_45day_v10/RN_COMM_ON
2026-04-21 turns=73/74 phases=am am_orders=100 am_volume=10477 pm=skipped_or_loaded
log_dir=/Users/sujinjung/Desktop/felab/aicp/2026_AICP_ver3.0/outputs/logs/experiment_matrix_45day_v10/RN_COMM_ON
  community_phase done: 70 agents, 5 best posts
2026-04-21 turns=73/74 phases=pm,community am=skipped pm_orders=100 pm_volume=13362
log_dir=/Users/sujinjung/Desktop/felab/aicp/2026_AICP_ver3.0/outputs/logs/experiment_matrix_45day_v10/RN_COMM_ON
2026-04-22 turns=75/76 phases=am am_orders=100 am_volume=16038 pm=skipped_or_loaded
log_dir=/Users/sujinjung/Desktop/felab/aicp/2026_AICP_ver3.0/outputs/logs/experiment_matrix_45day_v10/RN_COMM_ON
  community_phase done: 70 agents, 5 best posts
2026-04-22 turns=75/76 phases=pm,community am=skipped pm_orders=100 pm_volume=13221
log_dir=/Users/sujinjung/Desktop/felab/aicp/2026_AICP_ver3.0/outputs/logs/experiment_matrix_45day_v10/RN_COMM_ON
2026-04-23 turns=77/78 phases=am am_orders=100 am_volume=17925 pm=skipped_or_loaded
log_dir=/Users/sujinjung/Desktop/felab/aicp/2026_AICP_ver3.0/outputs/logs/experiment_matrix_45day_v10/RN_COMM_ON
  community_phase done: 70 agents, 5 best posts
2026-04-23 turns=77/78 phases=pm,community am=skipped pm_orders=100 pm_volume=19304
log_dir=/Users/sujinjung/Desktop/felab/aicp/2026_AICP_ver3.0/outputs/logs/experiment_matrix_45day_v10/RN_COMM_ON
2026-04-24 turns=79/80 phases=am am_orders=100 am_volume=16121 pm=skipped_or_loaded
log_dir=/Users/sujinjung/Desktop/felab/aicp/2026_AICP_ver3.0/outputs/logs/experiment_matrix_45day_v10/RN_COMM_ON
  community_phase done: 70 agents, 5 best posts
2026-04-24 turns=79/80 phases=pm,community am=skipped pm_orders=100 pm_volume=14501
log_dir=/Users/sujinjung/Desktop/felab/aicp/2026_AICP_ver3.0/outputs/logs/experiment_matrix_45day_v10/RN_COMM_ON
2026-04-27 turns=81/82 phases=am am_orders=100 am_volume=15885 pm=skipped_or_loaded
log_dir=/Users/sujinjung/Desktop/felab/aicp/2026_AICP_ver3.0/outputs/logs/experiment_matrix_45day_v10/RN_COMM_ON
  community_phase done: 70 agents, 5 best posts
2026-04-27 turns=81/82 phases=pm,community am=skipped pm_orders=100 pm_volume=19466
log_dir=/Users/sujinjung/Desktop/felab/aicp/2026_AICP_ver3.0/outputs/logs/experiment_matrix_45day_v10/RN_COMM_ON
2026-04-28 turns=83/84 phases=am am_orders=100 am_volume=12676 pm=skipped_or_loaded
log_dir=/Users/sujinjung/Desktop/felab/aicp/2026_AICP_ver3.0/outputs/logs/experiment_matrix_45day_v10/RN_COMM_ON
  community_phase done: 70 agents, 5 best posts
2026-04-28 turns=83/84 phases=pm,community am=skipped pm_orders=100 pm_volume=14678
log_dir=/Users/sujinjung/Desktop/felab/aicp/2026_AICP_ver3.0/outputs/logs/experiment_matrix_45day_v10/RN_COMM_ON
2026-04-29 turns=85/86 phases=am am_orders=100 am_volume=18627 pm=skipped_or_loaded
log_dir=/Users/sujinjung/Desktop/felab/aicp/2026_AICP_ver3.0/outputs/logs/experiment_matrix_45day_v10/RN_COMM_ON
  community_phase done: 70 agents, 5 best posts
2026-04-29 turns=85/86 phases=pm,community am=skipped pm_orders=100 pm_volume=13647
log_dir=/Users/sujinjung/Desktop/felab/aicp/2026_AICP_ver3.0/outputs/logs/experiment_matrix_45day_v10/RN_COMM_ON
2026-04-30 turns=87/88 phases=am am_orders=100 am_volume=12648 pm=skipped_or_loaded
log_dir=/Users/sujinjung/Desktop/felab/aicp/2026_AICP_ver3.0/outputs/logs/experiment_matrix_45day_v10/RN_COMM_ON
  community_phase done: 70 agents, 5 best posts
2026-04-30 turns=87/88 phases=pm,community am=skipped pm_orders=100 pm_volume=18275
log_dir=/Users/sujinjung/Desktop/felab/aicp/2026_AICP_ver3.0/outputs/logs/experiment_matrix_45day_v10/RN_COMM_ON
2026-05-04 turns=89/90 phases=am am_orders=100 am_volume=16697 pm=skipped_or_loaded
log_dir=/Users/sujinjung/Desktop/felab/aicp/2026_AICP_ver3.0/outputs/logs/experiment_matrix_45day_v10/RN_COMM_ON
  community_phase done: 70 agents, 5 best posts
2026-05-04 turns=89/90 phases=pm,community am=skipped pm_orders=100 pm_volume=17669
log_dir=/Users/sujinjung/Desktop/felab/aicp/2026_AICP_ver3.0/outputs/logs/experiment_matrix_45day_v10/RN_COMM_ON
log_dir=/Users/sujinjung/Desktop/felab/aicp/2026_AICP_ver3.0/outputs/logs/experiment_matrix_45day_v10/RN_COMM_ON
[launch_attempt=1 return_code=0 finished_at=2026-08-02T11:13:50.786591]
